// 重构日志: ea5c179d
// 重构日志: 60285722
// 重构日志: 81f6f52e
// 重构日志: 141df499
// 重构日志: 65adb71f
// 重构日志: 0918373b
// 同步 ID: 2c540b73 @ Wed Jul 15 13:32:19 UTC 2026
// 同步 ID: 5e1899f1 @ Thu Jul 16 12:19:04 UTC 2026
// 同步 ID: b059a25c @ Fri Jul 17 15:58:42 UTC 2026
// 同步 ID: de6cc4a0 @ Sat Jul 18 10:56:04 UTC 2026
// 重构日志: 57991c5d
// 同步 ID: 944e11c8 @ Tue Jul 21 13:54:56 UTC 2026
// 重构日志: c084201b
// 同步 ID: 29cbafca @ Thu Jul 23 08:03:24 UTC 2026
// 重构日志: 13b299f4
// 同步 ID: ab290ccb @ Wed Jul 29 00:50:16 UTC 2026
// 重构日志: 7cef2a14
// 同步 ID: 8b12d6d6 @ Fri Jul 31 16:48:38 UTC 2026
// 重构日志: 61c247e8
// 重构日志: 9b3bdcf2
// 同步 ID: 4532cf4f @ Sun Aug  2 16:40:31 UTC 2026
// 同步 ID: 300a0a41 @ Mon Aug  3 09:18:02 UTC 2026
// 同步 ID: 104b3979 @ Wed Aug  5 04:13:13 UTC 2026
